// Jest Snapshot v1, https://goo.gl/fbAQLP

exports[`Test for <GifGidItem/> component should show component correctly 1`] = `
<div
  className="card"
>
  <div
    className="image-card"
  >
    <img
      alt="foo-bar"
      src="http://www.example.com/img.jpg"
    />
  </div>
  <p>
    foo-bar
  </p>
</div>
`;
